// Jest Snapshot v1, https://goo.gl/fbAQLP

exports[`Repos component renders Repos 1`] = `
<AppProvider>
  <Repos>
    <ul />
  </Repos>
</AppProvider>
`;
